[ 2025-02-13 11:35:46,539 ] 20 root - INFO - data ingestion method starts
[ 2025-02-13 11:35:48,365 ] 31 root - INFO - data ingestion method completed
[ 2025-02-13 11:35:48,647 ] 66 root - INFO - read train and test are completed
[ 2025-02-13 11:35:48,679 ] 67 root - INFO - Train DataFrame Path: 
   Unnamed: 0   age  sex  on_thyroxine  sick  pregnant  I131_treatment  query_hypothyroid  goitre  psych   TSH   T3    TT4   T4U    FTI referral_source_SVHC referral_source_other  Class
0        3647  39.0  0.0           0.0   0.0       0.0             0.0                0.0     0.0    0.0   1.5  1.9  102.0  0.87  118.0                False                 False    NaN
1       12289   NaN  NaN           NaN   NaN       NaN             NaN                NaN     NaN    NaN   NaN  NaN    NaN   NaN    NaN                  NaN                   NaN    3.0
2       12782  46.0  0.0           0.0   0.0       0.0             0.0                0.0     0.0    0.0   4.6  1.2   48.0  0.89   54.0                False                  True    NaN
3        7394  42.0  1.0           0.0   0.0       0.0             0.0                0.0     0.0    0.0  52.0  0.8   28.0  0.86   33.0                False                  True    NaN
4       12794  46.0  0.0           0.0   0.0       0.0             0.0                0.0     0.0    0.0   4.6  1.2   48.0  0.89   54.0                False                  True    NaN 
[ 2025-02-13 11:35:48,710 ] 68 root - INFO - Test DataFrame Path: 
   Unnamed: 0   age  sex  on_thyroxine  sick  pregnant  I131_treatment  query_hypothyroid  goitre  psych    TSH   T3    TT4   T4U    FTI referral_source_SVHC referral_source_other  Class
0        6351  55.0  0.0           0.0   0.0       0.0             0.0                0.0     0.0    0.0   9.30  1.9   85.0  1.07   80.0                 True                 False    NaN
1        4306   NaN  NaN           NaN   NaN       NaN             NaN                NaN     NaN    NaN    NaN  NaN    NaN   NaN    NaN                  NaN                   NaN    0.0
2        3710  32.0  1.0           0.0   0.0       0.0             0.0                0.0     0.0    0.0   0.45  2.5  100.0  1.17   86.0                 True                 False    NaN
3        5549  59.0  0.0           0.0   1.0       0.0             0.0                0.0     0.0    0.0   6.80  0.7   84.0  0.78  107.0                False                 False    NaN
4        1883  60.0  1.0           0.0   0.0       0.0             0.0                0.0     0.0    0.0  11.00  2.6  109.0  1.06  103.0                False                 False    NaN 
[ 2025-02-13 11:35:48,711 ] 69 root - INFO - Obtainig Preproessor object
[ 2025-02-13 11:35:48,711 ] 26 root - INFO - Data Transformation Process started
[ 2025-02-13 11:35:48,711 ] 34 root - INFO - Pipeline concept started
