[ 2025-02-10 00:06:20,380 ] 20 root - INFO - data ingestion method starts
[ 2025-02-10 00:06:20,693 ] 31 root - INFO - data ingestion method completed
[ 2025-02-10 00:06:20,810 ] 66 root - INFO - read train and test are completed
[ 2025-02-10 00:06:20,836 ] 67 root - INFO - Train DataFrame Path: 
   Unnamed: 0   age  sex  on_thyroxine  query_on_thyroxine  on_antithyroid_medication  sick  pregnant  thyroid_surgery  I131_treatment  query_hypothyroid  query_hyperthyroid  lithium  goitre  tumor  hypopituitary  psych   TSH   T3    TT4   T4U    FTI referral_source  Class
0         210  64.0  0.0             0                   0                          0     0         0                0               0                  0                   0        0       0      0              0      0   NaN  NaN    NaN   NaN    NaN           other      1
1        3192  71.0  0.0             0                   0                          0     0         0                0               0                  0                   0        0       0      0              0      0  0.02  2.2  152.0  0.78  196.0             SVI      1
2          61  42.0  NaN             0                   0                          0     0         0                0               0                  0                   0        0       0      0              0      0  0.02  2.6  138.0  1.58   88.0            STMW      1
3         733  72.0  0.0             0                   0                          0     0         0                0               0                  0                   0        0       0      0              0      0  4.00  3.2  106.0  0.87  122.0           other      1
4        2260  37.0  0.0             0                   0                          0     0         0                0               0                  0                   0        0       0      0              0      0   NaN  NaN    NaN   NaN    NaN           other      1 
[ 2025-02-10 00:06:20,861 ] 68 root - INFO - Test DataFrame Path: 
   Unnamed: 0   age  sex  on_thyroxine  query_on_thyroxine  on_antithyroid_medication  sick  pregnant  thyroid_surgery  I131_treatment  query_hypothyroid  query_hyperthyroid  lithium  goitre  tumor  hypopituitary  psych    TSH   T3    TT4   T4U    FTI referral_source  Class
0        2383  86.0  0.0             0                   0                          0     0         0                0               0                  0                   0        0       0      0              0      0  0.250  1.8   89.0  0.89  100.0             SVI      1
1        1610  30.0  0.0             0                   0                          0     0         0                0               0                  0                   0        0       0      0              0      0  8.500  2.1   91.0  1.16   79.0           other      0
2         122  31.0  0.0             0                   0                          0     0         0                0               0                  0                   0        0       0      0              0      0  7.800  2.0  159.0  1.51  105.0           other      1
3        2401  62.0  0.0             1                   0                          0     0         0                0               0                  1                   0        0       0      0              0      0  0.005  2.1  130.0  0.99  131.0           other      1
4         804  30.0  0.0             0                   0                          0     0         0                0               0                  0                   0        0       0      0              0      0  1.300  1.7   93.0  0.96   98.0           other      1 
[ 2025-02-10 00:06:20,861 ] 69 root - INFO - Obtainig Preproessor object
[ 2025-02-10 00:06:20,861 ] 26 root - INFO - Data Transformation Process started
[ 2025-02-10 00:06:20,862 ] 34 root - INFO - Pipeline concept started
