[ 2025-02-13 11:47:59,535 ] 20 root - INFO - data ingestion method starts
[ 2025-02-13 11:48:00,620 ] 31 root - INFO - data ingestion method completed
[ 2025-02-13 11:48:00,878 ] 67 root - INFO - read train and test are completed
[ 2025-02-13 11:48:00,906 ] 68 root - INFO - Train DataFrame Path: 
   Unnamed: 0   age  sex  on_thyroxine  query_on_thyroxine  on_antithyroid_medication  sick  pregnant  thyroid_surgery  I131_treatment  query_hypothyroid  query_hyperthyroid  lithium  goitre  tumor  hypopituitary  psych    TSH   T3    TT4   T4U    FTI  referral_source_STMW  referral_source_SVHC  referral_source_SVHD  referral_source_SVI  referral_source_other  Class
0        3716  75.0  1.0             0                   0                          0     0         0                0               0                  0                   0        0       0      0              0      0    2.0  NaN   74.0  1.05   70.0                 False                 False                 False                False                   True      1
1        9050  77.0  0.0             0                   0                          0     0         0                0               0                  0                   0        0       0      0              0      0   23.0  0.5   33.0  0.67   49.0                 False                 False                 False                 True                  False      2
2        2271  47.0  1.0             0                   0                          0     0         0                0               0                  0                   0        0       0      0              0      0    2.4  2.2  143.0  0.92  154.0                 False                 False                 False                 True                  False      1
3        8365  60.0  0.0             0                   0                          0     0         0                0               0                  1                   0        0       0      0              0      0  183.0  1.1   45.0  0.97   46.0                 False                 False                 False                False                   True      2
4        9417  45.0  0.0             0                   0                          0     0         0                0               0                  0                   0        0       0      0              0      0   24.0  NaN    NaN   NaN    NaN                 False                 False                 False                 True                  False      2 
[ 2025-02-13 11:48:00,932 ] 69 root - INFO - Test DataFrame Path: 
   Unnamed: 0   age  sex  on_thyroxine  query_on_thyroxine  on_antithyroid_medication  sick  pregnant  thyroid_surgery  I131_treatment  query_hypothyroid  query_hyperthyroid  lithium  goitre  tumor  hypopituitary  psych     TSH   T3   TT4   T4U    FTI  referral_source_STMW  referral_source_SVHC  referral_source_SVHD  referral_source_SVI  referral_source_other  Class
0         219  64.0  0.0             0                   0                          0     0         0                0               0                  0                   0        0       0      0              0      0   0.250  NaN  92.0  0.91  101.0                 False                 False                 False                False                   True      1
1        7603  45.0  0.0             0                   0                          0     0         0                0               0                  0                   0        0       0      0              0      0  24.000  NaN   NaN   NaN    NaN                 False                 False                 False                 True                  False      2
2       10782  46.0  0.0             0                   0                          0     0         0                0               0                  0                   0        0       0      0              0      0   4.600  1.2  48.0  0.89   54.0                 False                 False                 False                False                   True      3
3       11047  41.0  1.0             0                   0                          0     0         0                0               0                  1                   0        0       0      0              0      0   0.015  2.5  22.0   NaN    NaN                 False                 False                 False                False                   True      3
4        5534  40.0  0.0             0                   0                          0     0         0                0               0                  0                   0        0       0      0              0      0  12.000  NaN  97.0  1.01   97.0                 False                 False                 False                False                   True      0 
[ 2025-02-13 11:48:00,933 ] 70 root - INFO - Obtainig Preproessor object
[ 2025-02-13 11:48:00,933 ] 26 root - INFO - Data Transformation Process started
[ 2025-02-13 11:48:00,933 ] 34 root - INFO - Pipeline concept started
[ 2025-02-13 11:48:01,078 ] 85 root - INFO - Applying preprocessing object on training and testing data
[ 2025-02-13 11:48:01,086 ] 96 root - INFO - pickle file created and completed
[ 2025-02-13 11:48:01,089 ] 29 root - INFO - Splitting  dependent and independent data from train and test
[ 2025-02-13 11:48:01,090 ] 23 root - INFO - Model Evaluation Started
[ 2025-02-13 11:48:10,920 ] 45 root - INFO - model report is: {'randomforestclassifirer': 0.9988032551460029, 'DecisionTreeClassifier': 0.9988032551460029, 'Logisticregression': 0.975825753949258, 'svc': 0.9449497367161321}
